// Jest Snapshot v1, https://goo.gl/fbAQLP

exports[`ComparedContainer should match the snapshot with all data passed in correctly 1`] = `
ShallowWrapper {
  Symbol(enzyme.__root__): [Circular],
  Symbol(enzyme.__unrendered__): <ComparedContainer
    appState={
        Object {
            "compared1": Object {
              "location": "ADAMS COUNTY 14",
              "selected": false,
              "stats": Object {
                "2004": 0.228,
                "2005": 0.3,
                "2006": 0.293,
                "2007": 0.306,
                "2008": 0.673,
                "2009": 1,
                "2010": 1,
                "2011": 1,
                "2012": 1,
                "2013": 0.998,
                "2014": 1,
              },
            },
            "compared2": Object {
              "location": "ADAMS COUNTY 14",
              "selected": false,
              "stats": Object {
                "2004": 0.228,
                "2005": 0.3,
                "2006": 0.293,
                "2007": 0.306,
                "2008": 0.673,
                "2009": 1,
                "2010": 1,
                "2011": 1,
                "2012": 1,
                "2013": 0.998,
                "2014": 1,
              },
            },
          }
    }
/>,
  Symbol(enzyme.__renderer__): Object {
    "batchedUpdates": [Function],
    "getNode": [Function],
    "render": [Function],
    "simulateError": [Function],
    "simulateEvent": [Function],
    "unmount": [Function],
  },
  Symbol(enzyme.__node__): Object {
    "instance": null,
    "key": undefined,
    "nodeType": "host",
    "props": Object {
      "children": Array [
        <div>
          <Card
                    cardInfo={
                              Object {
                                        "location": "ADAMS COUNTY 14",
                                        "selected": false,
                                        "stats": Object {
                                          "2004": 0.228,
                                          "2005": 0.3,
                                          "2006": 0.293,
                                          "2007": 0.306,
                                          "2008": 0.673,
                                          "2009": 1,
                                          "2010": 1,
                                          "2011": 1,
                                          "2012": 1,
                                          "2013": 0.998,
                                          "2014": 1,
                                        },
                                      }
                    }
                    displaySelected={undefined}
          />
</div>,
        <div>
          <ComparisonCard
                    appState={
                              Object {
                                        "compared1": Object {
                                          "location": "ADAMS COUNTY 14",
                                          "selected": false,
                                          "stats": Object {
                                            "2004": 0.228,
                                            "2005": 0.3,
                                            "2006": 0.293,
                                            "2007": 0.306,
                                            "2008": 0.673,
                                            "2009": 1,
                                            "2010": 1,
                                            "2011": 1,
                                            "2012": 1,
                                            "2013": 0.998,
                                            "2014": 1,
                                          },
                                        },
                                        "compared2": Object {
                                          "location": "ADAMS COUNTY 14",
                                          "selected": false,
                                          "stats": Object {
                                            "2004": 0.228,
                                            "2005": 0.3,
                                            "2006": 0.293,
                                            "2007": 0.306,
                                            "2008": 0.673,
                                            "2009": 1,
                                            "2010": 1,
                                            "2011": 1,
                                            "2012": 1,
                                            "2013": 0.998,
                                            "2014": 1,
                                          },
                                        },
                                      }
                    }
                    resetComparison={undefined}
          />
</div>,
        <div>
          <Card
                    cardInfo={
                              Object {
                                        "location": "ADAMS COUNTY 14",
                                        "selected": false,
                                        "stats": Object {
                                          "2004": 0.228,
                                          "2005": 0.3,
                                          "2006": 0.293,
                                          "2007": 0.306,
                                          "2008": 0.673,
                                          "2009": 1,
                                          "2010": 1,
                                          "2011": 1,
                                          "2012": 1,
                                          "2013": 0.998,
                                          "2014": 1,
                                        },
                                      }
                    }
                    displaySelected={undefined}
          />
</div>,
      ],
      "className": "comparedCardContainer",
    },
    "ref": null,
    "rendered": Array [
      Object {
        "instance": null,
        "key": undefined,
        "nodeType": "host",
        "props": Object {
          "children": <Card
            cardInfo={
                        Object {
                                    "location": "ADAMS COUNTY 14",
                                    "selected": false,
                                    "stats": Object {
                                      "2004": 0.228,
                                      "2005": 0.3,
                                      "2006": 0.293,
                                      "2007": 0.306,
                                      "2008": 0.673,
                                      "2009": 1,
                                      "2010": 1,
                                      "2011": 1,
                                      "2012": 1,
                                      "2013": 0.998,
                                      "2014": 1,
                                    },
                                  }
            }
            displaySelected={undefined}
/>,
        },
        "ref": null,
        "rendered": Object {
          "instance": null,
          "key": "ADAMS COUNTY 14",
          "nodeType": "function",
          "props": Object {
            "cardInfo": Object {
              "location": "ADAMS COUNTY 14",
              "selected": false,
              "stats": Object {
                "2004": 0.228,
                "2005": 0.3,
                "2006": 0.293,
                "2007": 0.306,
                "2008": 0.673,
                "2009": 1,
                "2010": 1,
                "2011": 1,
                "2012": 1,
                "2013": 0.998,
                "2014": 1,
              },
            },
            "displaySelected": undefined,
          },
          "ref": null,
          "rendered": null,
          "type": [Function],
        },
        "type": "div",
      },
      Object {
        "instance": null,
        "key": undefined,
        "nodeType": "host",
        "props": Object {
          "children": <ComparisonCard
            appState={
                        Object {
                                    "compared1": Object {
                                      "location": "ADAMS COUNTY 14",
                                      "selected": false,
                                      "stats": Object {
                                        "2004": 0.228,
                                        "2005": 0.3,
                                        "2006": 0.293,
                                        "2007": 0.306,
                                        "2008": 0.673,
                                        "2009": 1,
                                        "2010": 1,
                                        "2011": 1,
                                        "2012": 1,
                                        "2013": 0.998,
                                        "2014": 1,
                                      },
                                    },
                                    "compared2": Object {
                                      "location": "ADAMS COUNTY 14",
                                      "selected": false,
                                      "stats": Object {
                                        "2004": 0.228,
                                        "2005": 0.3,
                                        "2006": 0.293,
                                        "2007": 0.306,
                                        "2008": 0.673,
                                        "2009": 1,
                                        "2010": 1,
                                        "2011": 1,
                                        "2012": 1,
                                        "2013": 0.998,
                                        "2014": 1,
                                      },
                                    },
                                  }
            }
            resetComparison={undefined}
/>,
        },
        "ref": null,
        "rendered": Object {
          "instance": null,
          "key": undefined,
          "nodeType": "function",
          "props": Object {
            "appState": Object {
              "compared1": Object {
                "location": "ADAMS COUNTY 14",
                "selected": false,
                "stats": Object {
                  "2004": 0.228,
                  "2005": 0.3,
                  "2006": 0.293,
                  "2007": 0.306,
                  "2008": 0.673,
                  "2009": 1,
                  "2010": 1,
                  "2011": 1,
                  "2012": 1,
                  "2013": 0.998,
                  "2014": 1,
                },
              },
              "compared2": Object {
                "location": "ADAMS COUNTY 14",
                "selected": false,
                "stats": Object {
                  "2004": 0.228,
                  "2005": 0.3,
                  "2006": 0.293,
                  "2007": 0.306,
                  "2008": 0.673,
                  "2009": 1,
                  "2010": 1,
                  "2011": 1,
                  "2012": 1,
                  "2013": 0.998,
                  "2014": 1,
                },
              },
            },
            "resetComparison": undefined,
          },
          "ref": null,
          "rendered": null,
          "type": [Function],
        },
        "type": "div",
      },
      Object {
        "instance": null,
        "key": undefined,
        "nodeType": "host",
        "props": Object {
          "children": <Card
            cardInfo={
                        Object {
                                    "location": "ADAMS COUNTY 14",
                                    "selected": false,
                                    "stats": Object {
                                      "2004": 0.228,
                                      "2005": 0.3,
                                      "2006": 0.293,
                                      "2007": 0.306,
                                      "2008": 0.673,
                                      "2009": 1,
                                      "2010": 1,
                                      "2011": 1,
                                      "2012": 1,
                                      "2013": 0.998,
                                      "2014": 1,
                                    },
                                  }
            }
            displaySelected={undefined}
/>,
        },
        "ref": null,
        "rendered": Object {
          "instance": null,
          "key": "ADAMS COUNTY 14",
          "nodeType": "function",
          "props": Object {
            "cardInfo": Object {
              "location": "ADAMS COUNTY 14",
              "selected": false,
              "stats": Object {
                "2004": 0.228,
                "2005": 0.3,
                "2006": 0.293,
                "2007": 0.306,
                "2008": 0.673,
                "2009": 1,
                "2010": 1,
                "2011": 1,
                "2012": 1,
                "2013": 0.998,
                "2014": 1,
              },
            },
            "displaySelected": undefined,
          },
          "ref": null,
          "rendered": null,
          "type": [Function],
        },
        "type": "div",
      },
    ],
    "type": "div",
  },
  Symbol(enzyme.__nodes__): Array [
    Object {
      "instance": null,
      "key": undefined,
      "nodeType": "host",
      "props": Object {
        "children": Array [
          <div>
            <Card
                        cardInfo={
                                    Object {
                                                "location": "ADAMS COUNTY 14",
                                                "selected": false,
                                                "stats": Object {
                                                  "2004": 0.228,
                                                  "2005": 0.3,
                                                  "2006": 0.293,
                                                  "2007": 0.306,
                                                  "2008": 0.673,
                                                  "2009": 1,
                                                  "2010": 1,
                                                  "2011": 1,
                                                  "2012": 1,
                                                  "2013": 0.998,
                                                  "2014": 1,
                                                },
                                              }
                        }
                        displaySelected={undefined}
            />
</div>,
          <div>
            <ComparisonCard
                        appState={
                                    Object {
                                                "compared1": Object {
                                                  "location": "ADAMS COUNTY 14",
                                                  "selected": false,
                                                  "stats": Object {
                                                    "2004": 0.228,
                                                    "2005": 0.3,
                                                    "2006": 0.293,
                                                    "2007": 0.306,
                                                    "2008": 0.673,
                                                    "2009": 1,
                                                    "2010": 1,
                                                    "2011": 1,
                                                    "2012": 1,
                                                    "2013": 0.998,
                                                    "2014": 1,
                                                  },
                                                },
                                                "compared2": Object {
                                                  "location": "ADAMS COUNTY 14",
                                                  "selected": false,
                                                  "stats": Object {
                                                    "2004": 0.228,
                                                    "2005": 0.3,
                                                    "2006": 0.293,
                                                    "2007": 0.306,
                                                    "2008": 0.673,
                                                    "2009": 1,
                                                    "2010": 1,
                                                    "2011": 1,
                                                    "2012": 1,
                                                    "2013": 0.998,
                                                    "2014": 1,
                                                  },
                                                },
                                              }
                        }
                        resetComparison={undefined}
            />
</div>,
          <div>
            <Card
                        cardInfo={
                                    Object {
                                                "location": "ADAMS COUNTY 14",
                                                "selected": false,
                                                "stats": Object {
                                                  "2004": 0.228,
                                                  "2005": 0.3,
                                                  "2006": 0.293,
                                                  "2007": 0.306,
                                                  "2008": 0.673,
                                                  "2009": 1,
                                                  "2010": 1,
                                                  "2011": 1,
                                                  "2012": 1,
                                                  "2013": 0.998,
                                                  "2014": 1,
                                                },
                                              }
                        }
                        displaySelected={undefined}
            />
</div>,
        ],
        "className": "comparedCardContainer",
      },
      "ref": null,
      "rendered": Array [
        Object {
          "instance": null,
          "key": undefined,
          "nodeType": "host",
          "props": Object {
            "children": <Card
              cardInfo={
                            Object {
                                          "location": "ADAMS COUNTY 14",
                                          "selected": false,
                                          "stats": Object {
                                            "2004": 0.228,
                                            "2005": 0.3,
                                            "2006": 0.293,
                                            "2007": 0.306,
                                            "2008": 0.673,
                                            "2009": 1,
                                            "2010": 1,
                                            "2011": 1,
                                            "2012": 1,
                                            "2013": 0.998,
                                            "2014": 1,
                                          },
                                        }
              }
              displaySelected={undefined}
/>,
          },
          "ref": null,
          "rendered": Object {
            "instance": null,
            "key": "ADAMS COUNTY 14",
            "nodeType": "function",
            "props": Object {
              "cardInfo": Object {
                "location": "ADAMS COUNTY 14",
                "selected": false,
                "stats": Object {
                  "2004": 0.228,
                  "2005": 0.3,
                  "2006": 0.293,
                  "2007": 0.306,
                  "2008": 0.673,
                  "2009": 1,
                  "2010": 1,
                  "2011": 1,
                  "2012": 1,
                  "2013": 0.998,
                  "2014": 1,
                },
              },
              "displaySelected": undefined,
            },
            "ref": null,
            "rendered": null,
            "type": [Function],
          },
          "type": "div",
        },
        Object {
          "instance": null,
          "key": undefined,
          "nodeType": "host",
          "props": Object {
            "children": <ComparisonCard
              appState={
                            Object {
                                          "compared1": Object {
                                            "location": "ADAMS COUNTY 14",
                                            "selected": false,
                                            "stats": Object {
                                              "2004": 0.228,
                                              "2005": 0.3,
                                              "2006": 0.293,
                                              "2007": 0.306,
                                              "2008": 0.673,
                                              "2009": 1,
                                              "2010": 1,
                                              "2011": 1,
                                              "2012": 1,
                                              "2013": 0.998,
                                              "2014": 1,
                                            },
                                          },
                                          "compared2": Object {
                                            "location": "ADAMS COUNTY 14",
                                            "selected": false,
                                            "stats": Object {
                                              "2004": 0.228,
                                              "2005": 0.3,
                                              "2006": 0.293,
                                              "2007": 0.306,
                                              "2008": 0.673,
                                              "2009": 1,
                                              "2010": 1,
                                              "2011": 1,
                                              "2012": 1,
                                              "2013": 0.998,
                                              "2014": 1,
                                            },
                                          },
                                        }
              }
              resetComparison={undefined}
/>,
          },
          "ref": null,
          "rendered": Object {
            "instance": null,
            "key": undefined,
            "nodeType": "function",
            "props": Object {
              "appState": Object {
                "compared1": Object {
                  "location": "ADAMS COUNTY 14",
                  "selected": false,
                  "stats": Object {
                    "2004": 0.228,
                    "2005": 0.3,
                    "2006": 0.293,
                    "2007": 0.306,
                    "2008": 0.673,
                    "2009": 1,
                    "2010": 1,
                    "2011": 1,
                    "2012": 1,
                    "2013": 0.998,
                    "2014": 1,
                  },
                },
                "compared2": Object {
                  "location": "ADAMS COUNTY 14",
                  "selected": false,
                  "stats": Object {
                    "2004": 0.228,
                    "2005": 0.3,
                    "2006": 0.293,
                    "2007": 0.306,
                    "2008": 0.673,
                    "2009": 1,
                    "2010": 1,
                    "2011": 1,
                    "2012": 1,
                    "2013": 0.998,
                    "2014": 1,
                  },
                },
              },
              "resetComparison": undefined,
            },
            "ref": null,
            "rendered": null,
            "type": [Function],
          },
          "type": "div",
        },
        Object {
          "instance": null,
          "key": undefined,
          "nodeType": "host",
          "props": Object {
            "children": <Card
              cardInfo={
                            Object {
                                          "location": "ADAMS COUNTY 14",
                                          "selected": false,
                                          "stats": Object {
                                            "2004": 0.228,
                                            "2005": 0.3,
                                            "2006": 0.293,
                                            "2007": 0.306,
                                            "2008": 0.673,
                                            "2009": 1,
                                            "2010": 1,
                                            "2011": 1,
                                            "2012": 1,
                                            "2013": 0.998,
                                            "2014": 1,
                                          },
                                        }
              }
              displaySelected={undefined}
/>,
          },
          "ref": null,
          "rendered": Object {
            "instance": null,
            "key": "ADAMS COUNTY 14",
            "nodeType": "function",
            "props": Object {
              "cardInfo": Object {
                "location": "ADAMS COUNTY 14",
                "selected": false,
                "stats": Object {
                  "2004": 0.228,
                  "2005": 0.3,
                  "2006": 0.293,
                  "2007": 0.306,
                  "2008": 0.673,
                  "2009": 1,
                  "2010": 1,
                  "2011": 1,
                  "2012": 1,
                  "2013": 0.998,
                  "2014": 1,
                },
              },
              "displaySelected": undefined,
            },
            "ref": null,
            "rendered": null,
            "type": [Function],
          },
          "type": "div",
        },
      ],
      "type": "div",
    },
  ],
  Symbol(enzyme.__options__): Object {
    "adapter": ReactSixteenAdapter {
      "options": Object {
        "enableComponentDidUpdateOnSetState": true,
        "lifecycles": Object {
          "componentDidUpdate": Object {
            "onSetState": true,
          },
          "getDerivedStateFromProps": true,
          "getSnapshotBeforeUpdate": true,
          "setState": Object {
            "skipsComponentDidUpdateOnNullish": true,
          },
        },
      },
    },
  },
}
`;
