// Jest Snapshot v1, https://goo.gl/fbAQLP

exports[`ComparedCard should match the snapshot with all data passed  in correctly 1`] = `
ShallowWrapper {
  Symbol(enzyme.__root__): [Circular],
  Symbol(enzyme.__unrendered__): <ComparisonCard
    appState={
        Object {
            "compareCard": Object {
              "ADAMS COUNTY 14": 0.709,
              "COLORADO": 0.53,
              "compared": 0.748,
            },
            "compared1": Object {
              "location": "ADAMS COUNTY 14",
              "selected": false,
              "stats": Object {
                "2004": 0.228,
                "2005": 0.3,
                "2006": 0.293,
                "2007": 0.306,
                "2008": 0.673,
                "2009": 1,
                "2010": 1,
                "2011": 1,
                "2012": 1,
                "2013": 0.998,
                "2014": 1,
              },
            },
            "compared2": Object {
              "location": "ADAMS COUNTY 14",
              "selected": false,
              "stats": Object {
                "2004": 0.228,
                "2005": 0.3,
                "2006": 0.293,
                "2007": 0.306,
                "2008": 0.673,
                "2009": 1,
                "2010": 1,
                "2011": 1,
                "2012": 1,
                "2013": 0.998,
                "2014": 1,
              },
            },
          }
    }
    resetComparison={[Function]}
/>,
  Symbol(enzyme.__renderer__): Object {
    "batchedUpdates": [Function],
    "getNode": [Function],
    "render": [Function],
    "simulateError": [Function],
    "simulateEvent": [Function],
    "unmount": [Function],
  },
  Symbol(enzyme.__node__): Object {
    "instance": null,
    "key": undefined,
    "nodeType": "host",
    "props": Object {
      "children": Array [
        <button
          className="tooltip"
          onClick={[Function]}
>
          <span
                    className="tooltiptext"
          >
                    click to reset comparison
          </span>
          X
</button>,
        <h3>
          ADAMS COUNTY 14: 0.709
</h3>,
        <h3>
          &lt;---- 
           
          0.748
           
           ----&gt;
</h3>,
        <h3>
          COLORADO: 0.53
</h3>,
      ],
      "className": "cards comparedCard clickedcard",
    },
    "ref": null,
    "rendered": Array [
      Object {
        "instance": null,
        "key": undefined,
        "nodeType": "host",
        "props": Object {
          "children": Array [
            <span
              className="tooltiptext"
>
              click to reset comparison
</span>,
            "X",
          ],
          "className": "tooltip",
          "onClick": [Function],
        },
        "ref": null,
        "rendered": Array [
          Object {
            "instance": null,
            "key": undefined,
            "nodeType": "host",
            "props": Object {
              "children": "click to reset comparison",
              "className": "tooltiptext",
            },
            "ref": null,
            "rendered": "click to reset comparison",
            "type": "span",
          },
          "X",
        ],
        "type": "button",
      },
      Object {
        "instance": null,
        "key": undefined,
        "nodeType": "host",
        "props": Object {
          "children": "ADAMS COUNTY 14: 0.709",
        },
        "ref": null,
        "rendered": "ADAMS COUNTY 14: 0.709",
        "type": "h3",
      },
      Object {
        "instance": null,
        "key": undefined,
        "nodeType": "host",
        "props": Object {
          "children": Array [
            "<---- ",
            " ",
            0.748,
            " ",
            " ---->",
          ],
        },
        "ref": null,
        "rendered": Array [
          "<---- ",
          " ",
          0.748,
          " ",
          " ---->",
        ],
        "type": "h3",
      },
      Object {
        "instance": null,
        "key": undefined,
        "nodeType": "host",
        "props": Object {
          "children": "COLORADO: 0.53",
        },
        "ref": null,
        "rendered": "COLORADO: 0.53",
        "type": "h3",
      },
    ],
    "type": "div",
  },
  Symbol(enzyme.__nodes__): Array [
    Object {
      "instance": null,
      "key": undefined,
      "nodeType": "host",
      "props": Object {
        "children": Array [
          <button
            className="tooltip"
            onClick={[Function]}
>
            <span
                        className="tooltiptext"
            >
                        click to reset comparison
            </span>
            X
</button>,
          <h3>
            ADAMS COUNTY 14: 0.709
</h3>,
          <h3>
            &lt;---- 
             
            0.748
             
             ----&gt;
</h3>,
          <h3>
            COLORADO: 0.53
</h3>,
        ],
        "className": "cards comparedCard clickedcard",
      },
      "ref": null,
      "rendered": Array [
        Object {
          "instance": null,
          "key": undefined,
          "nodeType": "host",
          "props": Object {
            "children": Array [
              <span
                className="tooltiptext"
>
                click to reset comparison
</span>,
              "X",
            ],
            "className": "tooltip",
            "onClick": [Function],
          },
          "ref": null,
          "rendered": Array [
            Object {
              "instance": null,
              "key": undefined,
              "nodeType": "host",
              "props": Object {
                "children": "click to reset comparison",
                "className": "tooltiptext",
              },
              "ref": null,
              "rendered": "click to reset comparison",
              "type": "span",
            },
            "X",
          ],
          "type": "button",
        },
        Object {
          "instance": null,
          "key": undefined,
          "nodeType": "host",
          "props": Object {
            "children": "ADAMS COUNTY 14: 0.709",
          },
          "ref": null,
          "rendered": "ADAMS COUNTY 14: 0.709",
          "type": "h3",
        },
        Object {
          "instance": null,
          "key": undefined,
          "nodeType": "host",
          "props": Object {
            "children": Array [
              "<---- ",
              " ",
              0.748,
              " ",
              " ---->",
            ],
          },
          "ref": null,
          "rendered": Array [
            "<---- ",
            " ",
            0.748,
            " ",
            " ---->",
          ],
          "type": "h3",
        },
        Object {
          "instance": null,
          "key": undefined,
          "nodeType": "host",
          "props": Object {
            "children": "COLORADO: 0.53",
          },
          "ref": null,
          "rendered": "COLORADO: 0.53",
          "type": "h3",
        },
      ],
      "type": "div",
    },
  ],
  Symbol(enzyme.__options__): Object {
    "adapter": ReactSixteenAdapter {
      "options": Object {
        "enableComponentDidUpdateOnSetState": true,
        "lifecycles": Object {
          "componentDidUpdate": Object {
            "onSetState": true,
          },
          "getDerivedStateFromProps": true,
          "getSnapshotBeforeUpdate": true,
          "setState": Object {
            "skipsComponentDidUpdateOnNullish": true,
          },
        },
      },
    },
  },
}
`;
